19:58:50 INFO TalentoTech Completando con los datos de usuario
19:58:50 INFO TalentoTech verficando redireccionamiento dentro de la pagina
19:58:50 INFO TalentoTech test de login completado
19:58:56 INFO TalentoTech Completando con los datos de usuario
2025-11-26 20:01:44 INFO TalentoTech: Completando con los datos de usuario
2025-11-26 20:01:44 INFO TalentoTech: verficando redireccionamiento dentro de la pagina
2025-11-26 20:01:44 INFO TalentoTech: test de login completado
2025-11-26 20:01:50 INFO TalentoTech: Completando con los datos de usuario
2025-11-26 20:39:10 INFO TalentoTech: Relizando la solitud GET a https://reqres.in/api/users 
2025-11-26 20:39:10 INFO TalentoTech: Status code: 200
2025-11-26 20:39:10 INFO TalentoTech: Validando el id dentro del usuario
2025-12-01 19:20:13 INFO TalentoTech: Completando con los datos de usuario
2025-12-01 19:20:13 INFO TalentoTech: verficando redireccionamiento dentro de la pagina
2025-12-01 19:20:13 INFO TalentoTech: Assert Fallido: No se redirgio al inventario
assert '/inventory.html' in 'https://www.saucedemo.com/'
 +  where 'https://www.saucedemo.com/' = <selenium.webdriver.chrome.webdriver.WebDriver (session="410dc5b99cd0ad4fb5c8cda5f134ec06")>.current_url
2025-12-01 19:20:18 INFO TalentoTech: Completando con los datos de usuario
2025-12-01 19:20:18 INFO TalentoTech: Test de login fallido completado con exito
2025-12-03 20:39:31 INFO TalentoTech: Completando con los datos de usuario
2025-12-03 20:39:32 INFO TalentoTech: verficando redireccionamiento dentro de la pagina
2025-12-03 20:39:32 INFO TalentoTech: test de login completado
2025-12-03 20:39:36 INFO TalentoTech: Completando con los datos de usuario
2025-12-03 20:39:37 INFO TalentoTech: Test de login fallido completado con exito
2025-12-03 20:40:10 INFO TalentoTech: Relizando la solitud GET a https://reqres.in/api/users 
2025-12-03 20:40:10 INFO TalentoTech: Status code: 200
2025-12-03 20:40:10 INFO TalentoTech: Validando el id dentro del usuario
2025-12-03 20:41:46 INFO TalentoTech: Completando con los datos de usuario
2025-12-03 20:41:48 INFO TalentoTech: verficando redireccionamiento dentro de la pagina
2025-12-03 20:41:48 INFO TalentoTech: test de login completado
2025-12-03 20:41:51 INFO TalentoTech: Completando con los datos de usuario
2025-12-03 20:41:52 INFO TalentoTech: Test de login fallido completado con exito
2025-12-03 20:42:25 INFO TalentoTech: Relizando la solitud GET a https://reqres.in/api/users 
2025-12-03 20:42:25 INFO TalentoTech: Status code: 200
2025-12-03 20:42:25 INFO TalentoTech: Validando el id dentro del usuario
2025-12-03 20:43:59 INFO TalentoTech: Completando con los datos de usuario
2025-12-03 20:44:01 INFO TalentoTech: verficando redireccionamiento dentro de la pagina
2025-12-03 20:44:01 INFO TalentoTech: test de login completado
2025-12-03 20:44:04 INFO TalentoTech: Completando con los datos de usuario
2025-12-03 20:44:05 INFO TalentoTech: Test de login fallido completado con exito
2025-12-03 20:44:45 INFO TalentoTech: Relizando la solitud GET a https://reqres.in/api/users 
2025-12-03 20:44:45 INFO TalentoTech: Status code: 200
2025-12-03 20:44:45 INFO TalentoTech: Validando el id dentro del usuario
2025-12-04 20:40:50 INFO TalentoTech: Completando con los datos de usuario
2025-12-04 20:40:55 INFO TalentoTech: verficando redireccionamiento dentro de la pagina
2025-12-04 20:40:55 INFO TalentoTech: test de login completado
2025-12-04 20:41:29 INFO TalentoTech: Completando con los datos de usuario
2025-12-04 20:41:33 INFO TalentoTech: Test de login fallido completado con exito
2025-12-04 20:45:53 INFO TalentoTech: Relizando la solitud GET a https://reqres.in/api/users 
2025-12-04 20:45:53 INFO TalentoTech: Status code: 200
2025-12-04 20:45:54 INFO TalentoTech: Validando el id dentro del usuario
2025-12-05 20:04:58 INFO TalentoTech: Completando con los datos de usuario
2025-12-05 20:05:00 INFO TalentoTech: verficando redireccionamiento dentro de la pagina
2025-12-05 20:05:00 INFO TalentoTech: test de login completado
2025-12-05 20:05:09 INFO TalentoTech: Completando con los datos de usuario
2025-12-05 20:05:11 INFO TalentoTech: Test de login fallido completado con exito
2025-12-05 20:06:24 INFO TalentoTech: Relizando la solitud GET a https://reqres.in/api/users 
2025-12-05 20:06:25 INFO TalentoTech: Status code: 401
2025-12-05 20:27:41 INFO TalentoTech: Completando con los datos de usuario
2025-12-05 20:27:51 INFO TalentoTech: verficando redireccionamiento dentro de la pagina
2025-12-05 20:27:51 INFO TalentoTech: test de login completado
2025-12-05 20:28:03 INFO TalentoTech: Completando con los datos de usuario
2025-12-05 20:28:05 INFO TalentoTech: Test de login fallido completado con exito
2025-12-05 20:29:51 INFO TalentoTech: Relizando la solitud GET a https://reqres.in/api/users 
2025-12-05 20:29:52 INFO TalentoTech: Status code: 200
2025-12-05 20:29:52 INFO TalentoTech: Validando el id dentro del usuario
